Copyright 1986-2017 Xilinx, Inc. All Rights Reserved.
-----------------------------------------------------------------------------------------------------------------------------------------
| Tool Version : Vivado v.2017.2 (lin64) Build 1909853 Thu Jun 15 18:39:10 MDT 2017
| Date         : Fri May  3 17:22:58 2019
| Host         : 500235e510a4 running 64-bit Ubuntu 16.04.6 LTS
| Command      : report_utilization -file mitx_petalinux_wrapper_utilization_placed.rpt -pb mitx_petalinux_wrapper_utilization_placed.pb
| Design       : mitx_petalinux_wrapper
| Device       : 7z100ffg900-1
| Design State : Fully Placed
-----------------------------------------------------------------------------------------------------------------------------------------

Utilization Design Information

Table of Contents
-----------------
1. Slice Logic
1.1 Summary of Registers by Type
2. Slice Logic Distribution
3. Memory
4. DSP
5. IO and GT Specific
6. Clocking
7. Specific Feature
8. Primitives
9. Black Boxes
10. Instantiated Netlists

1. Slice Logic
--------------

+----------------------------+-------+-------+-----------+-------+
|          Site Type         |  Used | Fixed | Available | Util% |
+----------------------------+-------+-------+-----------+-------+
| Slice LUTs                 | 50789 |     0 |    277400 | 18.31 |
|   LUT as Logic             | 48359 |     0 |    277400 | 17.43 |
|   LUT as Memory            |  2430 |     0 |    108200 |  2.25 |
|     LUT as Distributed RAM |     0 |     0 |           |       |
|     LUT as Shift Register  |  2430 |     0 |           |       |
| Slice Registers            | 52424 |     0 |    554800 |  9.45 |
|   Register as Flip Flop    | 52424 |     0 |    554800 |  9.45 |
|   Register as Latch        |     0 |     0 |    554800 |  0.00 |
| F7 Muxes                   |   714 |     0 |    138700 |  0.51 |
| F8 Muxes                   |   187 |     0 |     69350 |  0.27 |
+----------------------------+-------+-------+-----------+-------+


1.1 Summary of Registers by Type
--------------------------------

+-------+--------------+-------------+--------------+
| Total | Clock Enable | Synchronous | Asynchronous |
+-------+--------------+-------------+--------------+
| 0     |            _ |           - |            - |
| 0     |            _ |           - |          Set |
| 0     |            _ |           - |        Reset |
| 0     |            _ |         Set |            - |
| 0     |            _ |       Reset |            - |
| 0     |          Yes |           - |            - |
| 21    |          Yes |           - |          Set |
| 216   |          Yes |           - |        Reset |
| 726   |          Yes |         Set |            - |
| 51463 |          Yes |       Reset |            - |
+-------+--------------+-------------+--------------+


2. Slice Logic Distribution
---------------------------

+-------------------------------------------+-------+-------+-----------+-------+
|                 Site Type                 |  Used | Fixed | Available | Util% |
+-------------------------------------------+-------+-------+-----------+-------+
| Slice                                     | 19139 |     0 |     69350 | 27.60 |
|   SLICEL                                  | 11382 |     0 |           |       |
|   SLICEM                                  |  7757 |     0 |           |       |
| LUT as Logic                              | 48359 |     0 |    277400 | 17.43 |
|   using O5 output only                    |    28 |       |           |       |
|   using O6 output only                    | 37188 |       |           |       |
|   using O5 and O6                         | 11143 |       |           |       |
| LUT as Memory                             |  2430 |     0 |    108200 |  2.25 |
|   LUT as Distributed RAM                  |     0 |     0 |           |       |
|   LUT as Shift Register                   |  2430 |     0 |           |       |
|     using O5 output only                  |   442 |       |           |       |
|     using O6 output only                  |  1820 |       |           |       |
|     using O5 and O6                       |   168 |       |           |       |
| LUT Flip Flop Pairs                       | 22158 |     0 |    277400 |  7.99 |
|   fully used LUT-FF pairs                 |  7115 |       |           |       |
|   LUT-FF pairs with one unused LUT output | 13966 |       |           |       |
|   LUT-FF pairs with one unused Flip Flop  | 13928 |       |           |       |
| Unique Control Sets                       |  1188 |       |           |       |
+-------------------------------------------+-------+-------+-----------+-------+
* Note: Review the Control Sets Report for more information regarding control sets.


3. Memory
---------

+-------------------+------+-------+-----------+-------+
|     Site Type     | Used | Fixed | Available | Util% |
+-------------------+------+-------+-----------+-------+
| Block RAM Tile    | 60.5 |     0 |       755 |  8.01 |
|   RAMB36/FIFO*    |   56 |     0 |       755 |  7.42 |
|     RAMB36E1 only |   56 |       |           |       |
|   RAMB18          |    9 |     0 |      1510 |  0.60 |
|     RAMB18E1 only |    9 |       |           |       |
+-------------------+------+-------+-----------+-------+
* Note: Each Block RAM Tile only has one FIFO logic available and therefore can accommodate only one FIFO36E1 or one FIFO18E1. However, if a FIFO18E1 occupies a Block RAM Tile, that tile can still accommodate a RAMB18E1


4. DSP
------

+----------------+------+-------+-----------+-------+
|    Site Type   | Used | Fixed | Available | Util% |
+----------------+------+-------+-----------+-------+
| DSPs           |  303 |     0 |      2020 | 15.00 |
|   DSP48E1 only |  303 |       |           |       |
+----------------+------+-------+-----------+-------+


5. IO and GT Specific
---------------------

+-----------------------------+------+-------+-----------+--------+
|          Site Type          | Used | Fixed | Available |  Util% |
+-----------------------------+------+-------+-----------+--------+
| Bonded IOB                  |   22 |    22 |       362 |   6.08 |
|   IOB Master Pads           |   12 |       |           |        |
|   IOB Slave Pads            |   10 |       |           |        |
|   IOB Flip Flops            |    2 |     2 |           |        |
| Bonded IPADs                |    0 |     0 |        50 |   0.00 |
| Bonded OPADs                |    0 |     0 |        32 |   0.00 |
| Bonded IOPADs               |  130 |   130 |       130 | 100.00 |
| PHY_CONTROL                 |    0 |     0 |         8 |   0.00 |
| PHASER_REF                  |    0 |     0 |         8 |   0.00 |
| OUT_FIFO                    |    0 |     0 |        32 |   0.00 |
| IN_FIFO                     |    0 |     0 |        32 |   0.00 |
| IDELAYCTRL                  |    0 |     0 |         8 |   0.00 |
| IBUFDS                      |    1 |     1 |       348 |   0.29 |
| GTXE2_COMMON                |    0 |     0 |         4 |   0.00 |
| GTXE2_CHANNEL               |    0 |     0 |        16 |   0.00 |
| PHASER_OUT/PHASER_OUT_PHY   |    0 |     0 |        32 |   0.00 |
| PHASER_IN/PHASER_IN_PHY     |    0 |     0 |        32 |   0.00 |
| IDELAYE2/IDELAYE2_FINEDELAY |    0 |     0 |       400 |   0.00 |
| ODELAYE2/ODELAYE2_FINEDELAY |    0 |     0 |       150 |   0.00 |
| IBUFDS_GTE2                 |    0 |     0 |         8 |   0.00 |
| ILOGIC                      |    0 |     0 |       362 |   0.00 |
| OLOGIC                      |    2 |     2 |       362 |   0.55 |
|   OUTFF_Register            |    2 |     2 |           |        |
+-----------------------------+------+-------+-----------+--------+


6. Clocking
-----------

+------------+------+-------+-----------+-------+
|  Site Type | Used | Fixed | Available | Util% |
+------------+------+-------+-----------+-------+
| BUFGCTRL   |    4 |     0 |        32 | 12.50 |
| BUFIO      |    0 |     0 |        32 |  0.00 |
| MMCME2_ADV |    1 |     0 |         8 | 12.50 |
| PLLE2_ADV  |    0 |     0 |         8 |  0.00 |
| BUFMRCE    |    0 |     0 |        16 |  0.00 |
| BUFHCE     |    0 |     0 |       168 |  0.00 |
| BUFR       |    0 |     0 |        32 |  0.00 |
+------------+------+-------+-----------+-------+


7. Specific Feature
-------------------

+-------------+------+-------+-----------+-------+
|  Site Type  | Used | Fixed | Available | Util% |
+-------------+------+-------+-----------+-------+
| BSCANE2     |    0 |     0 |         4 |  0.00 |
| CAPTUREE2   |    0 |     0 |         1 |  0.00 |
| DNA_PORT    |    0 |     0 |         1 |  0.00 |
| EFUSE_USR   |    0 |     0 |         1 |  0.00 |
| FRAME_ECCE2 |    0 |     0 |         1 |  0.00 |
| ICAPE2      |    0 |     0 |         2 |  0.00 |
| PCIE_2_1    |    0 |     0 |         1 |  0.00 |
| STARTUPE2   |    0 |     0 |         1 |  0.00 |
| XADC        |    0 |     0 |         1 |  0.00 |
+-------------+------+-------+-----------+-------+


8. Primitives
-------------

+------------+-------+----------------------+
|  Ref Name  |  Used |  Functional Category |
+------------+-------+----------------------+
| FDRE       | 51463 |         Flop & Latch |
| LUT3       | 23169 |                  LUT |
| LUT6       | 11747 |                  LUT |
| LUT2       |  6802 |                  LUT |
| LUT1       |  6156 |                  LUT |
| LUT4       |  5960 |                  LUT |
| LUT5       |  5668 |                  LUT |
| CARRY4     |  5605 |           CarryLogic |
| SRLC32E    |  1495 |   Distributed Memory |
| SRL16E     |  1103 |   Distributed Memory |
| FDSE       |   726 |         Flop & Latch |
| MUXF7      |   714 |                MuxFx |
| DSP48E1    |   303 |     Block Arithmetic |
| FDCE       |   216 |         Flop & Latch |
| MUXF8      |   187 |                MuxFx |
| BIBUF      |   130 |                   IO |
| RAMB36E1   |    56 |         Block Memory |
| FDPE       |    21 |         Flop & Latch |
| OBUF       |    12 |                   IO |
| RAMB18E1   |     9 |         Block Memory |
| IBUF       |     8 |                   IO |
| BUFG       |     4 |                Clock |
| PS7        |     1 | Specialized Resource |
| MMCME2_ADV |     1 |                Clock |
| IBUFDS     |     1 |                   IO |
+------------+-------+----------------------+


9. Black Boxes
--------------

+----------+------+
| Ref Name | Used |
+----------+------+


10. Instantiated Netlists
-------------------------

+----------+------+
| Ref Name | Used |
+----------+------+


