Copyright 1986-2017 Xilinx, Inc. All Rights Reserved.
---------------------------------------------------------------------------------------------------
| Tool Version : Vivado v.2017.2 (lin64) Build 1909853 Thu Jun 15 18:39:10 MDT 2017
| Date         : Wed Apr 10 21:53:34 2019
| Host         : 500235e510a4 running 64-bit Ubuntu 16.04.6 LTS
| Command      : report_control_sets -verbose -file mitx_petalinux_wrapper_control_sets_placed.rpt
| Design       : mitx_petalinux_wrapper
| Device       : xc7z100
---------------------------------------------------------------------------------------------------

Control Set Information

Table of Contents
-----------------
1. Summary
2. Flip-Flop Distribution
3. Detailed Control Set Information

1. Summary
----------

+----------------------------------------------------------+-------+
|                          Status                          | Count |
+----------------------------------------------------------+-------+
| Number of unique control sets                            |   105 |
| Unused register locations in slices containing registers |   317 |
+----------------------------------------------------------+-------+


2. Flip-Flop Distribution
-------------------------

+--------------+-----------------------+------------------------+-----------------+--------------+
| Clock Enable | Synchronous Set/Reset | Asynchronous Set/Reset | Total Registers | Total Slices |
+--------------+-----------------------+------------------------+-----------------+--------------+
| No           | No                    | No                     |             310 |          106 |
| No           | No                    | Yes                    |              89 |           28 |
| No           | Yes                   | No                     |             221 |           67 |
| Yes          | No                    | No                     |            1035 |          245 |
| Yes          | No                    | Yes                    |             132 |           37 |
| Yes          | Yes                   | No                     |             184 |           47 |
+--------------+-----------------------+------------------------+-----------------+--------------+


3. Detailed Control Set Information
-----------------------------------

+----------------------------------------------------------------+------------------------------------------------------------------------------------------------------------------------------------------------------------------------------------------------------+--------------------------------------------------------------------------------------------------------------------------------------------------------------------------------------------------------------------------------------------------+------------------+----------------+
|                          Clock Signal                          |                                                                                             Enable Signal                                                                                            |                                                                                                                 Set/Reset Signal                                                                                                                 | Slice Load Count | Bel Load Count |
+----------------------------------------------------------------+------------------------------------------------------------------------------------------------------------------------------------------------------------------------------------------------------+--------------------------------------------------------------------------------------------------------------------------------------------------------------------------------------------------------------------------------------------------+------------------+----------------+
|  mitx_petalinux_i/audio_pll/inst/clk_out1                      |                                                                                                                                                                                                      |                                                                                                                                                                                                                                                  |                1 |              1 |
|  mitx_petalinux_i/i2s_block/atg_module_0/inst/clock_3_072_BUFG |                                                                                                                                                                                                      | mitx_petalinux_i/i2s_block/i2s_tx_fifo/inst/gen_fifo_generator.fifo_generator_inst/inst_fifo_gen/gaxis_fifo.gaxisf.axisf/grf.rf/rstblk/rst_rd_reg2                                                                                               |                1 |              1 |
|  mitx_petalinux_i/processing_system7_0/inst/FCLK_CLK0          |                                                                                                                                                                                                      | mitx_petalinux_i/i2s_block/i2s_tx_fifo/inst/gen_fifo_generator.fifo_generator_inst/inst_fifo_gen/gaxis_fifo.gaxisf.axisf/grf.rf/rstblk/rst_d2                                                                                                    |                1 |              1 |
| ~mitx_petalinux_i/i2s_block/atg_module_0/inst/clock_3_072_BUFG |                                                                                                                                                                                                      |                                                                                                                                                                                                                                                  |                1 |              1 |
|  mitx_petalinux_i/audio_pll/inst/clk_out1                      |                                                                                                                                                                                                      | mitx_petalinux_i/i2s_block/atg_module_0/inst/clock_0_0048_i_2_n_0                                                                                                                                                                                |                1 |              2 |
|  mitx_petalinux_i/i2s_block/atg_module_0/inst/clock_3_072_BUFG |                                                                                                                                                                                                      | mitx_petalinux_i/i2s_block/i2s_tx_fifo/inst/gen_fifo_generator.fifo_generator_inst/inst_fifo_gen/gaxis_fifo.gaxisf.axisf/grf.rf/rstblk/inverted_reset                                                                                            |                1 |              2 |
|  mitx_petalinux_i/processing_system7_0/inst/FCLK_CLK0          | mitx_petalinux_i/processing_system7_0_axi_periph/s01_couplers/auto_pc/inst/gen_axilite.gen_b2s_conv.axilite_b2s/WR.b_channel_0/bid_fifo_0/bresp_push                                                 |                                                                                                                                                                                                                                                  |                1 |              2 |
|  mitx_petalinux_i/processing_system7_0/inst/FCLK_CLK0          |                                                                                                                                                                                                      | mitx_petalinux_i/i2s_block/i2s_tx_fifo/inst/gen_fifo_generator.fifo_generator_inst/inst_fifo_gen/gaxis_fifo.gaxisf.axisf/grf.rf/rstblk/inverted_reset                                                                                            |                1 |              2 |
|  mitx_petalinux_i/processing_system7_0/inst/FCLK_CLK0          | mitx_petalinux_i/processing_system7_0_axi_periph/s00_couplers/auto_pc/inst/gen_axilite.gen_b2s_conv.axilite_b2s/WR.b_channel_0/bid_fifo_0/bresp_push                                                 |                                                                                                                                                                                                                                                  |                1 |              2 |
|  mitx_petalinux_i/processing_system7_0/inst/FCLK_CLK0          |                                                                                                                                                                                                      | mitx_petalinux_i/i2s_block/i2s_tx_fifo/inst/gen_fifo_generator.fifo_generator_inst/inst_fifo_gen/gaxis_fifo.gaxisf.axisf/grf.rf/rstblk/ngwrdrst.grst.g7serrst.gwrrd_rst_sync_stage[4].wrst_inst/AS[0]                                            |                1 |              3 |
|  mitx_petalinux_i/i2s_block/atg_module_0/inst/clock_3_072_BUFG | mitx_petalinux_i/i2s_block/i2s_tx_fifo/inst/gen_fifo_generator.fifo_generator_inst/inst_fifo_gen/gaxis_fifo.gaxisf.axisf/grf.rf/gntv_or_sync_fifo.gl0.rd/gr1.gr1_int.rfwft/E[0]                      | mitx_petalinux_i/i2s_block/i2s_tx_fifo/inst/gen_fifo_generator.fifo_generator_inst/inst_fifo_gen/gaxis_fifo.gaxisf.axisf/grf.rf/rstblk/ngwrdrst.grst.g7serrst.gsckt_wrst.gic_rst.garst_sync_ic[3].rd_rst_inst/gpregsm1.curr_fwft_state_reg[1][0] |                1 |              3 |
|  mitx_petalinux_i/i2s_block/atg_module_0/inst/clock_3_072_BUFG |                                                                                                                                                                                                      | mitx_petalinux_i/i2s_block/i2s_tx_fifo/inst/gen_fifo_generator.fifo_generator_inst/inst_fifo_gen/gaxis_fifo.gaxisf.axisf/grf.rf/rstblk/ngwrdrst.grst.g7serrst.gwrrd_rst_sync_stage[4].rrst_inst/AS[0]                                            |                1 |              3 |
|  mitx_petalinux_i/processing_system7_0/inst/FCLK_CLK0          |                                                                                                                                                                                                      | mitx_petalinux_i/processing_system7_0_axi_periph/s00_couplers/auto_pc/inst/gen_axilite.gen_b2s_conv.axilite_b2s/SI_REG/ar_pipe/m_valid_i_reg_0                                                                                                   |                2 |              4 |
|  mitx_petalinux_i/processing_system7_0/inst/FCLK_CLK0          |                                                                                                                                                                                                      | mitx_petalinux_i/processing_system7_0_axi_periph/s00_couplers/auto_pc/inst/gen_axilite.gen_b2s_conv.axilite_b2s/SI_REG/aw_pipe/s_ready_i_reg_0                                                                                                   |                2 |              4 |
|  mitx_petalinux_i/processing_system7_0/inst/FCLK_CLK0          |                                                                                                                                                                                                      | mitx_petalinux_i/processing_system7_0_axi_periph/xbar/inst/gen_sasd.crossbar_sasd_0/addr_arbiter_inst/s_arvalid_reg                                                                                                                              |                2 |              4 |
|  mitx_petalinux_i/processing_system7_0/inst/FCLK_CLK0          |                                                                                                                                                                                                      | mitx_petalinux_i/axi_gpio_1/U0/AXI_LITE_IPIF_I/I_SLAVE_ATTACHMENT/clear                                                                                                                                                                          |                1 |              4 |
|  mitx_petalinux_i/processing_system7_0/inst/FCLK_CLK0          |                                                                                                                                                                                                      | mitx_petalinux_i/processing_system7_0_axi_periph/s01_couplers/auto_pc/inst/gen_axilite.gen_b2s_conv.axilite_b2s/SI_REG/ar_pipe/m_valid_i_reg_0                                                                                                   |                1 |              4 |
|  mitx_petalinux_i/processing_system7_0/inst/FCLK_CLK0          | mitx_petalinux_i/axi_gpio_0/U0/AXI_LITE_IPIF_I/I_SLAVE_ATTACHMENT/bus2ip_addr_i[8]_i_1_n_0                                                                                                           | mitx_petalinux_i/axi_gpio_0/U0/AXI_LITE_IPIF_I/I_SLAVE_ATTACHMENT/SR                                                                                                                                                                             |                1 |              4 |
|  mitx_petalinux_i/processing_system7_0/inst/FCLK_CLK0          |                                                                                                                                                                                                      | mitx_petalinux_i/processing_system7_0_axi_periph/s01_couplers/auto_pc/inst/gen_axilite.gen_b2s_conv.axilite_b2s/SI_REG/aw_pipe/s_ready_i_reg_0                                                                                                   |                2 |              4 |
|  mitx_petalinux_i/processing_system7_0/inst/FCLK_CLK0          | mitx_petalinux_i/processing_system7_0_axi_periph/s01_couplers/auto_pc/inst/gen_axilite.gen_b2s_conv.axilite_b2s/WR.aw_channel_0/aw_cmd_fsm_0/axlen_cnt_reg[4][0]                                     | mitx_petalinux_i/processing_system7_0_axi_periph/s01_couplers/auto_pc/inst/gen_axilite.gen_b2s_conv.axilite_b2s/WR.aw_channel_0/aw_cmd_fsm_0/axlen_cnt_reg[7]                                                                                    |                1 |              4 |
|  mitx_petalinux_i/processing_system7_0/inst/FCLK_CLK0          | mitx_petalinux_i/processing_system7_0_axi_periph/s01_couplers/auto_pc/inst/gen_axilite.gen_b2s_conv.axilite_b2s/RD.ar_channel_0/ar_cmd_fsm_0/axlen_cnt_reg[4][0]                                     | mitx_petalinux_i/processing_system7_0_axi_periph/s01_couplers/auto_pc/inst/gen_axilite.gen_b2s_conv.axilite_b2s/RD.ar_channel_0/ar_cmd_fsm_0/axlen_cnt_reg[7]                                                                                    |                2 |              4 |
|  mitx_petalinux_i/processing_system7_0/inst/FCLK_CLK0          | mitx_petalinux_i/axi_gpio_1/U0/AXI_LITE_IPIF_I/I_SLAVE_ATTACHMENT/bus2ip_addr_i[8]_i_1_n_0                                                                                                           | mitx_petalinux_i/axi_gpio_1/U0/AXI_LITE_IPIF_I/I_SLAVE_ATTACHMENT/SR                                                                                                                                                                             |                1 |              4 |
|  mitx_petalinux_i/processing_system7_0/inst/FCLK_CLK0          | mitx_petalinux_i/processing_system7_0_axi_periph/xbar/inst/gen_sasd.crossbar_sasd_0/addr_arbiter_inst/m_grant_enc_i                                                                                  | mitx_petalinux_i/processing_system7_0_axi_periph/xbar/inst/gen_sasd.crossbar_sasd_0/addr_arbiter_inst/SR[0]                                                                                                                                      |                1 |              4 |
|  mitx_petalinux_i/processing_system7_0/inst/FCLK_CLK0          | mitx_petalinux_i/processing_system7_0_axi_periph/s00_couplers/auto_pc/inst/gen_axilite.gen_b2s_conv.axilite_b2s/RD.ar_channel_0/ar_cmd_fsm_0/axlen_cnt_reg[4][0]                                     | mitx_petalinux_i/processing_system7_0_axi_periph/s00_couplers/auto_pc/inst/gen_axilite.gen_b2s_conv.axilite_b2s/RD.ar_channel_0/ar_cmd_fsm_0/axlen_cnt_reg[7]                                                                                    |                1 |              4 |
|  mitx_petalinux_i/processing_system7_0/inst/FCLK_CLK0          | mitx_petalinux_i/processing_system7_0_axi_periph/s00_couplers/auto_pc/inst/gen_axilite.gen_b2s_conv.axilite_b2s/WR.aw_channel_0/aw_cmd_fsm_0/axlen_cnt_reg[4][0]                                     | mitx_petalinux_i/processing_system7_0_axi_periph/s00_couplers/auto_pc/inst/gen_axilite.gen_b2s_conv.axilite_b2s/WR.aw_channel_0/aw_cmd_fsm_0/axlen_cnt_reg[7]                                                                                    |                2 |              4 |
| ~mitx_petalinux_i/i2s_block/atg_module_0/inst/clock_3_072_BUFG |                                                                                                                                                                                                      | mitx_petalinux_i/i2s_block/i2s_tx/inst/bits_sync_0/samp_data_reg[0]                                                                                                                                                                              |                2 |              4 |
|  mitx_petalinux_i/processing_system7_0/inst/FCLK_CLK0          |                                                                                                                                                                                                      | mitx_petalinux_i/axi_gpio_0/U0/AXI_LITE_IPIF_I/I_SLAVE_ATTACHMENT/clear                                                                                                                                                                          |                1 |              4 |
|  mitx_petalinux_i/processing_system7_0/inst/FCLK_CLK0          |                                                                                                                                                                                                      | mitx_petalinux_i/i2s_block/i2s_tx_fifo/inst/gen_fifo_generator.fifo_generator_inst/inst_fifo_gen/gaxis_fifo.gaxisf.axisf/grf.rf/rstblk/rst_wr_reg2                                                                                               |                2 |              4 |
|  mitx_petalinux_i/processing_system7_0/inst/FCLK_CLK0          |                                                                                                                                                                                                      | mitx_petalinux_i/saw_gen/triangle_0/inst/ap_rst_n_inv                                                                                                                                                                                            |                2 |              5 |
|  mitx_petalinux_i/processing_system7_0/inst/FCLK_CLK0          |                                                                                                                                                                                                      | mitx_petalinux_i/rst_processing_system7_0_50M/U0/EXT_LPF/lpf_int                                                                                                                                                                                 |                1 |              5 |
|  mitx_petalinux_i/i2s_block/atg_module_0/inst/clock_3_072_BUFG |                                                                                                                                                                                                      | mitx_petalinux_i/i2s_block/i2s_tx_fifo/inst/gen_fifo_generator.fifo_generator_inst/inst_fifo_gen/gaxis_fifo.gaxisf.axisf/grf.rf/rstblk/rd_rst_reg[2]                                                                                             |                2 |              6 |
| ~mitx_petalinux_i/i2s_block/atg_module_0/inst/clock_3_072_BUFG |                                                                                                                                                                                                      | mitx_petalinux_i/i2s_block/atg_module_0/inst/clock_0_0048_i_2_n_0                                                                                                                                                                                |                1 |              6 |
| ~mitx_petalinux_i/i2s_block/atg_module_0/inst/clock_3_072_BUFG | mitx_petalinux_i/i2s_block/i2s_tx/inst/TRANSMITTER_DEC/bit_cnt[5]_i_1_n_0                                                                                                                            |                                                                                                                                                                                                                                                  |                2 |              6 |
|  mitx_petalinux_i/processing_system7_0/inst/FCLK_CLK0          | mitx_petalinux_i/rst_processing_system7_0_50M/U0/SEQ/seq_cnt_en                                                                                                                                      | mitx_petalinux_i/rst_processing_system7_0_50M/U0/SEQ/SEQ_COUNTER/clear                                                                                                                                                                           |                1 |              6 |
|  mitx_petalinux_i/processing_system7_0/inst/FCLK_CLK0          |                                                                                                                                                                                                      | mitx_petalinux_i/axi_gpio_1/U0/AXI_LITE_IPIF_I/I_SLAVE_ATTACHMENT/I_DECODER/Not_Dual.ALLOUT_ND.READ_REG_GEN[0].GPIO_DBus_i_reg[25]                                                                                                               |                2 |              7 |
|  mitx_petalinux_i/processing_system7_0/inst/FCLK_CLK0          | mitx_petalinux_i/axi_gpio_1/U0/AXI_LITE_IPIF_I/I_SLAVE_ATTACHMENT/s_axi_rdata_i[6]_i_1_n_0                                                                                                           | mitx_petalinux_i/axi_gpio_1/U0/AXI_LITE_IPIF_I/I_SLAVE_ATTACHMENT/SR                                                                                                                                                                             |                1 |              7 |
|  mitx_petalinux_i/processing_system7_0/inst/FCLK_CLK0          | mitx_petalinux_i/processing_system7_0_axi_periph/s00_couplers/auto_pc/inst/gen_axilite.gen_b2s_conv.axilite_b2s/WR.b_channel_0/mhandshake_r                                                          | mitx_petalinux_i/processing_system7_0_axi_periph/s00_couplers/auto_pc/inst/gen_axilite.gen_b2s_conv.axilite_b2s/WR.b_channel_0/bid_fifo_0/SR[0]                                                                                                  |                2 |              8 |
|  mitx_petalinux_i/processing_system7_0/inst/FCLK_CLK0          | mitx_petalinux_i/i2s_block/i2s_tx/inst/i2s_regmap/s_reg_ctrl_reg_en_r                                                                                                                                | mitx_petalinux_i/i2s_block/i2s_tx/inst/i2s_regmap/s_axi_awready_r_i_2_n_0                                                                                                                                                                        |                1 |              8 |
|  mitx_petalinux_i/processing_system7_0/inst/FCLK_CLK0          | mitx_petalinux_i/processing_system7_0_axi_periph/s01_couplers/auto_pc/inst/gen_axilite.gen_b2s_conv.axilite_b2s/WR.b_channel_0/mhandshake_r                                                          | mitx_petalinux_i/processing_system7_0_axi_periph/s01_couplers/auto_pc/inst/gen_axilite.gen_b2s_conv.axilite_b2s/WR.b_channel_0/bid_fifo_0/SR[0]                                                                                                  |                2 |              8 |
|  mitx_petalinux_i/processing_system7_0/inst/FCLK_CLK0          | mitx_petalinux_i/i2s_block/i2s_tx/inst/i2s_regmap/s_reg_ctrl_reg_freq_ratio_r_0[4]                                                                                                                   | mitx_petalinux_i/i2s_block/i2s_tx/inst/i2s_regmap/s_axi_awready_r_i_2_n_0                                                                                                                                                                        |                1 |              8 |
|  mitx_petalinux_i/processing_system7_0/inst/FCLK_CLK0          |                                                                                                                                                                                                      | mitx_petalinux_i/axi_gpio_0/U0/AXI_LITE_IPIF_I/I_SLAVE_ATTACHMENT/I_DECODER/Not_Dual.ALLIN1_ND.READ_REG_GEN[0].GPIO_DBus_i_reg[24]                                                                                                               |                3 |              8 |
|  mitx_petalinux_i/processing_system7_0/inst/FCLK_CLK0          | mitx_petalinux_i/axi_gpio_0/U0/AXI_LITE_IPIF_I/I_SLAVE_ATTACHMENT/s_axi_rdata_i[7]_i_1_n_0                                                                                                           | mitx_petalinux_i/axi_gpio_0/U0/AXI_LITE_IPIF_I/I_SLAVE_ATTACHMENT/SR                                                                                                                                                                             |                2 |              8 |
|  mitx_petalinux_i/processing_system7_0/inst/FCLK_CLK0          | mitx_petalinux_i/axi_gpio_0/U0/AXI_LITE_IPIF_I/I_SLAVE_ATTACHMENT/I_DECODER/Not_Dual.gpio_OE_reg[0][0]                                                                                               | mitx_petalinux_i/axi_gpio_0/U0/AXI_LITE_IPIF_I/I_SLAVE_ATTACHMENT/SR                                                                                                                                                                             |                3 |              8 |
|  mitx_petalinux_i/processing_system7_0/inst/FCLK_CLK0          |                                                                                                                                                                                                      | mitx_petalinux_i/i2s_block/i2s_tx/inst/i2s_regmap/s_axi_awready_r_i_2_n_0                                                                                                                                                                        |                6 |             11 |
|  mitx_petalinux_i/processing_system7_0/inst/FCLK_CLK0          | mitx_petalinux_i/processing_system7_0_axi_periph/s00_couplers/auto_pc/inst/gen_axilite.gen_b2s_conv.axilite_b2s/RD.ar_channel_0/ar_cmd_fsm_0/axaddr_incr_reg[0]                                      |                                                                                                                                                                                                                                                  |                3 |             12 |
|  mitx_petalinux_i/processing_system7_0/inst/FCLK_CLK0          | mitx_petalinux_i/processing_system7_0_axi_periph/s01_couplers/auto_pc/inst/gen_axilite.gen_b2s_conv.axilite_b2s/WR.aw_channel_0/cmd_translator_0/incr_cmd_0/axaddr_incr[0]_i_1_n_0                   |                                                                                                                                                                                                                                                  |                3 |             12 |
|  mitx_petalinux_i/processing_system7_0/inst/FCLK_CLK0          | mitx_petalinux_i/processing_system7_0_axi_periph/s00_couplers/auto_pc/inst/gen_axilite.gen_b2s_conv.axilite_b2s/WR.aw_channel_0/aw_cmd_fsm_0/E[0]                                                    |                                                                                                                                                                                                                                                  |                7 |             12 |
|  mitx_petalinux_i/processing_system7_0/inst/FCLK_CLK0          | mitx_petalinux_i/processing_system7_0_axi_periph/s00_couplers/auto_pc/inst/gen_axilite.gen_b2s_conv.axilite_b2s/RD.ar_channel_0/ar_cmd_fsm_0/E[0]                                                    |                                                                                                                                                                                                                                                  |                4 |             12 |
|  mitx_petalinux_i/processing_system7_0/inst/FCLK_CLK0          | mitx_petalinux_i/processing_system7_0_axi_periph/s01_couplers/auto_pc/inst/gen_axilite.gen_b2s_conv.axilite_b2s/RD.ar_channel_0/ar_cmd_fsm_0/axaddr_incr_reg[0]                                      |                                                                                                                                                                                                                                                  |                3 |             12 |
|  mitx_petalinux_i/processing_system7_0/inst/FCLK_CLK0          |                                                                                                                                                                                                      | mitx_petalinux_i/processing_system7_0_axi_periph/xbar/inst/gen_sasd.crossbar_sasd_0/addr_arbiter_inst/SR[0]                                                                                                                                      |                4 |             12 |
|  mitx_petalinux_i/processing_system7_0/inst/FCLK_CLK0          | mitx_petalinux_i/processing_system7_0_axi_periph/s01_couplers/auto_pc/inst/gen_axilite.gen_b2s_conv.axilite_b2s/RD.ar_channel_0/ar_cmd_fsm_0/E[0]                                                    |                                                                                                                                                                                                                                                  |                4 |             12 |
|  mitx_petalinux_i/i2s_block/atg_module_0/inst/clock_3_072_BUFG | mitx_petalinux_i/i2s_block/i2s_tx_fifo/inst/gen_fifo_generator.fifo_generator_inst/inst_fifo_gen/gaxis_fifo.gaxisf.axisf/grf.rf/gntv_or_sync_fifo.gl0.rd/gr1.gr1_int.rfwft/gc0.count_reg[5][0]       | mitx_petalinux_i/i2s_block/i2s_tx_fifo/inst/gen_fifo_generator.fifo_generator_inst/inst_fifo_gen/gaxis_fifo.gaxisf.axisf/grf.rf/rstblk/ngwrdrst.grst.g7serrst.gsckt_wrst.gic_rst.garst_sync_ic[3].rd_rst_inst/Q_reg                              |                3 |             12 |
|  mitx_petalinux_i/processing_system7_0/inst/FCLK_CLK0          | mitx_petalinux_i/processing_system7_0_axi_periph/s00_couplers/auto_pc/inst/gen_axilite.gen_b2s_conv.axilite_b2s/WR.aw_channel_0/cmd_translator_0/incr_cmd_0/axaddr_incr[0]_i_1_n_0                   |                                                                                                                                                                                                                                                  |                3 |             12 |
|  mitx_petalinux_i/processing_system7_0/inst/FCLK_CLK0          | mitx_petalinux_i/processing_system7_0_axi_periph/s01_couplers/auto_pc/inst/gen_axilite.gen_b2s_conv.axilite_b2s/WR.aw_channel_0/aw_cmd_fsm_0/E[0]                                                    |                                                                                                                                                                                                                                                  |                5 |             12 |
|  mitx_petalinux_i/processing_system7_0/inst/FCLK_CLK0          | mitx_petalinux_i/processing_system7_0_axi_periph/s01_couplers/auto_pc/inst/gen_axilite.gen_b2s_conv.axilite_b2s/RD.r_channel_0/r_push_r                                                              |                                                                                                                                                                                                                                                  |                4 |             13 |
|  mitx_petalinux_i/processing_system7_0/inst/FCLK_CLK0          | mitx_petalinux_i/processing_system7_0_axi_periph/s00_couplers/auto_pc/inst/gen_axilite.gen_b2s_conv.axilite_b2s/RD.r_channel_0/r_push_r                                                              |                                                                                                                                                                                                                                                  |                4 |             13 |
|  mitx_petalinux_i/processing_system7_0/inst/FCLK_CLK0          | mitx_petalinux_i/processing_system7_0_axi_periph/s01_couplers/auto_pc/inst/gen_axilite.gen_b2s_conv.axilite_b2s/SI_REG/b_pipe/p_1_in                                                                 |                                                                                                                                                                                                                                                  |                2 |             14 |
|  mitx_petalinux_i/processing_system7_0/inst/FCLK_CLK0          | mitx_petalinux_i/axi_gpio_1/U0/AXI_LITE_IPIF_I/I_SLAVE_ATTACHMENT/I_DECODER/E[0]                                                                                                                     | mitx_petalinux_i/axi_gpio_1/U0/AXI_LITE_IPIF_I/I_SLAVE_ATTACHMENT/SR                                                                                                                                                                             |                2 |             14 |
|  mitx_petalinux_i/processing_system7_0/inst/FCLK_CLK0          | mitx_petalinux_i/processing_system7_0_axi_periph/s01_couplers/auto_pc/inst/gen_axilite.gen_b2s_conv.axilite_b2s/SI_REG/b_pipe/skid_buffer_reg[0]_0                                                   |                                                                                                                                                                                                                                                  |                2 |             14 |
|  mitx_petalinux_i/processing_system7_0/inst/FCLK_CLK0          | mitx_petalinux_i/processing_system7_0_axi_periph/s00_couplers/auto_pc/inst/gen_axilite.gen_b2s_conv.axilite_b2s/SI_REG/b_pipe/skid_buffer_reg[0]_0                                                   |                                                                                                                                                                                                                                                  |                2 |             14 |
|  mitx_petalinux_i/processing_system7_0/inst/FCLK_CLK0          | mitx_petalinux_i/processing_system7_0_axi_periph/s00_couplers/auto_pc/inst/gen_axilite.gen_b2s_conv.axilite_b2s/SI_REG/b_pipe/p_1_in                                                                 |                                                                                                                                                                                                                                                  |                2 |             14 |
|  mitx_petalinux_i/processing_system7_0/inst/FCLK_CLK0          | mitx_petalinux_i/processing_system7_0_axi_periph/xbar/inst/gen_sasd.crossbar_sasd_0/reg_slice_r/aa_rready                                                                                            |                                                                                                                                                                                                                                                  |                4 |             16 |
|  mitx_petalinux_i/processing_system7_0/inst/FCLK_CLK0          | mitx_petalinux_i/processing_system7_0_axi_periph/s01_couplers/auto_pc/inst/gen_axilite.gen_b2s_conv.axilite_b2s/WR.aw_channel_0/aw_cmd_fsm_0/b_push                                                  |                                                                                                                                                                                                                                                  |                3 |             16 |
|  mitx_petalinux_i/processing_system7_0/inst/FCLK_CLK0          | mitx_petalinux_i/processing_system7_0_axi_periph/s00_couplers/auto_pc/inst/gen_axilite.gen_b2s_conv.axilite_b2s/WR.aw_channel_0/aw_cmd_fsm_0/b_push                                                  |                                                                                                                                                                                                                                                  |                3 |             16 |
|  mitx_petalinux_i/processing_system7_0/inst/FCLK_CLK0          | mitx_petalinux_i/i2s_block/i2s_tx/inst/i2s_regmap/s_axi_rdata_r[15]_i_1_n_0                                                                                                                          | mitx_petalinux_i/i2s_block/i2s_tx/inst/i2s_regmap/s_axi_awready_r_i_2_n_0                                                                                                                                                                        |                7 |             17 |
|  mitx_petalinux_i/processing_system7_0/inst/FCLK_CLK0          | mitx_petalinux_i/i2s_block/i2s_tx/inst/i2s_regmap/v_rdata_r[15]_i_1_n_0                                                                                                                              | mitx_petalinux_i/i2s_block/i2s_tx/inst/i2s_regmap/s_axi_awready_r_i_2_n_0                                                                                                                                                                        |                4 |             17 |
|  mitx_petalinux_i/processing_system7_0/inst/FCLK_CLK0          | mitx_petalinux_i/i2s_block/i2s_tx/inst/i2s_regmap/s_axi_wready_r                                                                                                                                     | mitx_petalinux_i/i2s_block/i2s_tx/inst/i2s_regmap/s_axi_awready_r_i_2_n_0                                                                                                                                                                        |                8 |             18 |
|  mitx_petalinux_i/processing_system7_0/inst/FCLK_CLK0          | mitx_petalinux_i/i2s_block/i2s_tx_fifo/inst/gen_fifo_generator.fifo_generator_inst/inst_fifo_gen/gaxis_fifo.gaxisf.axisf/grf.rf/gntv_or_sync_fifo.gl0.wr/gwas.wsts/E[0]                              | mitx_petalinux_i/i2s_block/i2s_tx_fifo/inst/gen_fifo_generator.fifo_generator_inst/inst_fifo_gen/gaxis_fifo.gaxisf.axisf/grf.rf/rstblk/SR[0]                                                                                                     |                3 |             18 |
|  mitx_petalinux_i/processing_system7_0/inst/FCLK_CLK0          |                                                                                                                                                                                                      | mitx_petalinux_i/axi_gpio_1/U0/AXI_LITE_IPIF_I/I_SLAVE_ATTACHMENT/SR                                                                                                                                                                             |                4 |             18 |
|  mitx_petalinux_i/processing_system7_0/inst/FCLK_CLK0          | mitx_petalinux_i/processing_system7_0_axi_periph/xbar/inst/gen_sasd.crossbar_sasd_0/addr_arbiter_inst/E[0]                                                                                           |                                                                                                                                                                                                                                                  |                4 |             19 |
|  mitx_petalinux_i/processing_system7_0/inst/FCLK_CLK0          |                                                                                                                                                                                                      | mitx_petalinux_i/axi_gpio_0/U0/AXI_LITE_IPIF_I/I_SLAVE_ATTACHMENT/SR                                                                                                                                                                             |                6 |             19 |
|  mitx_petalinux_i/processing_system7_0/inst/FCLK_CLK0          | mitx_petalinux_i/processing_system7_0_axi_periph/s00_couplers/auto_pc/inst/gen_axilite.gen_b2s_conv.axilite_b2s/WR.aw_channel_0/aw_cmd_fsm_0/axlen_cnt_reg[4][0]                                     |                                                                                                                                                                                                                                                  |                7 |             21 |
|  mitx_petalinux_i/processing_system7_0/inst/FCLK_CLK0          | mitx_petalinux_i/processing_system7_0_axi_periph/s00_couplers/auto_pc/inst/gen_axilite.gen_b2s_conv.axilite_b2s/RD.ar_channel_0/ar_cmd_fsm_0/axlen_cnt_reg[4][0]                                     |                                                                                                                                                                                                                                                  |               11 |             21 |
|  mitx_petalinux_i/processing_system7_0/inst/FCLK_CLK0          | mitx_petalinux_i/processing_system7_0_axi_periph/s01_couplers/auto_pc/inst/gen_axilite.gen_b2s_conv.axilite_b2s/WR.aw_channel_0/aw_cmd_fsm_0/axlen_cnt_reg[4][0]                                     |                                                                                                                                                                                                                                                  |                6 |             21 |
|  mitx_petalinux_i/processing_system7_0/inst/FCLK_CLK0          | mitx_petalinux_i/processing_system7_0_axi_periph/s01_couplers/auto_pc/inst/gen_axilite.gen_b2s_conv.axilite_b2s/RD.ar_channel_0/ar_cmd_fsm_0/axlen_cnt_reg[4][0]                                     |                                                                                                                                                                                                                                                  |                8 |             21 |
|  mitx_petalinux_i/processing_system7_0/inst/FCLK_CLK0          | mitx_petalinux_i/saw_gen/latcher_0/inst/Block_codeRepl1_proc_U0/E[0]                                                                                                                                 |                                                                                                                                                                                                                                                  |                3 |             24 |
|  mitx_petalinux_i/processing_system7_0/inst/FCLK_CLK0          | mitx_petalinux_i/saw_gen/triangle_0/inst/ap_NS_fsm1                                                                                                                                                  |                                                                                                                                                                                                                                                  |                6 |             24 |
|  mitx_petalinux_i/processing_system7_0/inst/FCLK_CLK0          | mitx_petalinux_i/saw_gen/triangle_0/inst/out_V_1_load_B                                                                                                                                              |                                                                                                                                                                                                                                                  |                6 |             24 |
|  mitx_petalinux_i/processing_system7_0/inst/FCLK_CLK0          | mitx_petalinux_i/saw_gen/triangle_0/inst/out_V_1_payload_A[31]_i_1_n_0                                                                                                                               |                                                                                                                                                                                                                                                  |                5 |             24 |
|  mitx_petalinux_i/processing_system7_0/inst/FCLK_CLK0          |                                                                                                                                                                                                      | mitx_petalinux_i/i2s_block/i2s_tx_fifo/inst/gen_fifo_generator.fifo_generator_inst/inst_fifo_gen/gaxis_fifo.gaxisf.axisf/grf.rf/rstblk/SR[0]                                                                                                     |                5 |             25 |
|  mitx_petalinux_i/i2s_block/atg_module_0/inst/clock_3_072_BUFG |                                                                                                                                                                                                      |                                                                                                                                                                                                                                                  |                9 |             25 |
|  mitx_petalinux_i/processing_system7_0/inst/FCLK_CLK0          | mitx_petalinux_i/saw_gen/triangle_0/inst/p_17_in                                                                                                                                                     |                                                                                                                                                                                                                                                  |                8 |             26 |
|  mitx_petalinux_i/i2s_block/atg_module_0/inst/clock_3_072_BUFG |                                                                                                                                                                                                      | mitx_petalinux_i/i2s_block/i2s_tx_fifo/inst/gen_fifo_generator.fifo_generator_inst/inst_fifo_gen/gaxis_fifo.gaxisf.axisf/grf.rf/rstblk/ngwrdrst.grst.g7serrst.gsckt_wrst.gic_rst.garst_sync_ic[3].rd_rst_inst/Q_reg                              |                7 |             26 |
|  mitx_petalinux_i/i2s_block/atg_module_0/inst/clock_3_072_BUFG | mitx_petalinux_i/i2s_block/i2s_tx_fifo/inst/gen_fifo_generator.fifo_generator_inst/inst_fifo_gen/gaxis_fifo.gaxisf.axisf/grf.rf/gntv_or_sync_fifo.gl0.rd/gr1.gr1_int.rfwft/goreg_bm.dout_i_reg[0][0] |                                                                                                                                                                                                                                                  |                7 |             32 |
| ~mitx_petalinux_i/i2s_block/atg_module_0/inst/clock_3_072_BUFG | mitx_petalinux_i/i2s_block/i2s_tx/inst/TRANSMITTER_DEC/samp_data[31]_i_1_n_0                                                                                                                         | mitx_petalinux_i/i2s_block/i2s_tx/inst/bits_sync_0/samp_data_reg[0]                                                                                                                                                                              |                9 |             32 |
|  mitx_petalinux_i/processing_system7_0/inst/FCLK_CLK0          | mitx_petalinux_i/i2s_block/i2s_tx/inst/i2s_regmap/s_axi_awready_r                                                                                                                                    | mitx_petalinux_i/i2s_block/i2s_tx/inst/i2s_regmap/s_axi_awready_r_i_2_n_0                                                                                                                                                                        |                8 |             32 |
|  mitx_petalinux_i/processing_system7_0/inst/FCLK_CLK0          | mitx_petalinux_i/i2s_block/i2s_tx/inst/i2s_regmap/s_axi_arready_r                                                                                                                                    | mitx_petalinux_i/i2s_block/i2s_tx/inst/i2s_regmap/s_axi_awready_r_i_2_n_0                                                                                                                                                                        |                8 |             32 |
|  mitx_petalinux_i/processing_system7_0/inst/FCLK_CLK0          | mitx_petalinux_i/processing_system7_0_axi_periph/xbar/inst/gen_sasd.crossbar_sasd_0/addr_arbiter_inst/p_0_in                                                                                         | mitx_petalinux_i/processing_system7_0_axi_periph/xbar/inst/gen_sasd.crossbar_sasd_0/addr_arbiter_inst/SR[0]                                                                                                                                      |                9 |             32 |
|  mitx_petalinux_i/processing_system7_0/inst/FCLK_CLK0          | mitx_petalinux_i/processing_system7_0_axi_periph/s00_couplers/auto_pc/inst/gen_axilite.gen_b2s_conv.axilite_b2s/RD.r_channel_0/rd_data_fifo_0/wr_en0                                                 |                                                                                                                                                                                                                                                  |                9 |             34 |
|  mitx_petalinux_i/processing_system7_0/inst/FCLK_CLK0          | mitx_petalinux_i/processing_system7_0_axi_periph/s01_couplers/auto_pc/inst/gen_axilite.gen_b2s_conv.axilite_b2s/RD.r_channel_0/rd_data_fifo_0/wr_en0                                                 |                                                                                                                                                                                                                                                  |                9 |             34 |
|  mitx_petalinux_i/processing_system7_0/inst/FCLK_CLK0          | mitx_petalinux_i/processing_system7_0_axi_periph/s00_couplers/auto_pc/inst/gen_axilite.gen_b2s_conv.axilite_b2s/SI_REG/r_pipe/skid_buffer_reg[0]_0                                                   |                                                                                                                                                                                                                                                  |               11 |             47 |
|  mitx_petalinux_i/processing_system7_0/inst/FCLK_CLK0          | mitx_petalinux_i/processing_system7_0_axi_periph/s01_couplers/auto_pc/inst/gen_axilite.gen_b2s_conv.axilite_b2s/SI_REG/r_pipe/skid_buffer_reg[0]_0                                                   |                                                                                                                                                                                                                                                  |               10 |             47 |
|  mitx_petalinux_i/processing_system7_0/inst/FCLK_CLK0          | mitx_petalinux_i/processing_system7_0_axi_periph/s01_couplers/auto_pc/inst/gen_axilite.gen_b2s_conv.axilite_b2s/SI_REG/r_pipe/p_1_in                                                                 |                                                                                                                                                                                                                                                  |                7 |             47 |
|  mitx_petalinux_i/processing_system7_0/inst/FCLK_CLK0          | mitx_petalinux_i/processing_system7_0_axi_periph/s00_couplers/auto_pc/inst/gen_axilite.gen_b2s_conv.axilite_b2s/SI_REG/r_pipe/p_1_in                                                                 |                                                                                                                                                                                                                                                  |               11 |             47 |
|  mitx_petalinux_i/processing_system7_0/inst/FCLK_CLK0          | mitx_petalinux_i/processing_system7_0_axi_periph/s01_couplers/auto_pc/inst/gen_axilite.gen_b2s_conv.axilite_b2s/SI_REG/ar_pipe/skid_buffer_reg[0]_0                                                  |                                                                                                                                                                                                                                                  |                9 |             52 |
|  mitx_petalinux_i/processing_system7_0/inst/FCLK_CLK0          | mitx_petalinux_i/processing_system7_0_axi_periph/s01_couplers/auto_pc/inst/gen_axilite.gen_b2s_conv.axilite_b2s/SI_REG/aw_pipe/skid_buffer_reg[0]_0                                                  |                                                                                                                                                                                                                                                  |               10 |             52 |
|  mitx_petalinux_i/processing_system7_0/inst/FCLK_CLK0          | mitx_petalinux_i/processing_system7_0_axi_periph/s00_couplers/auto_pc/inst/gen_axilite.gen_b2s_conv.axilite_b2s/RD.ar_channel_0/ar_cmd_fsm_0/m_payload_i_reg[0]_1[0]                                 |                                                                                                                                                                                                                                                  |               13 |             52 |
|  mitx_petalinux_i/processing_system7_0/inst/FCLK_CLK0          | mitx_petalinux_i/processing_system7_0_axi_periph/s00_couplers/auto_pc/inst/gen_axilite.gen_b2s_conv.axilite_b2s/WR.aw_channel_0/aw_cmd_fsm_0/m_payload_i_reg[0][0]                                   |                                                                                                                                                                                                                                                  |               14 |             52 |
|  mitx_petalinux_i/processing_system7_0/inst/FCLK_CLK0          | mitx_petalinux_i/processing_system7_0_axi_periph/s01_couplers/auto_pc/inst/gen_axilite.gen_b2s_conv.axilite_b2s/WR.aw_channel_0/aw_cmd_fsm_0/m_payload_i_reg[0][0]                                   |                                                                                                                                                                                                                                                  |               10 |             52 |
|  mitx_petalinux_i/processing_system7_0/inst/FCLK_CLK0          | mitx_petalinux_i/processing_system7_0_axi_periph/s00_couplers/auto_pc/inst/gen_axilite.gen_b2s_conv.axilite_b2s/SI_REG/ar_pipe/skid_buffer_reg[0]_0                                                  |                                                                                                                                                                                                                                                  |               11 |             52 |
|  mitx_petalinux_i/processing_system7_0/inst/FCLK_CLK0          | mitx_petalinux_i/processing_system7_0_axi_periph/s00_couplers/auto_pc/inst/gen_axilite.gen_b2s_conv.axilite_b2s/SI_REG/aw_pipe/skid_buffer_reg[0]_0                                                  |                                                                                                                                                                                                                                                  |               13 |             52 |
|  mitx_petalinux_i/processing_system7_0/inst/FCLK_CLK0          | mitx_petalinux_i/processing_system7_0_axi_periph/s01_couplers/auto_pc/inst/gen_axilite.gen_b2s_conv.axilite_b2s/RD.ar_channel_0/ar_cmd_fsm_0/m_payload_i_reg[0]_1[0]                                 |                                                                                                                                                                                                                                                  |                9 |             52 |
|  mitx_petalinux_i/processing_system7_0/inst/FCLK_CLK0          |                                                                                                                                                                                                      | mitx_petalinux_i/processing_system7_0_axi_periph/s01_couplers/auto_pc/inst/gen_axilite.gen_b2s_conv.axilite_b2s/areset_d1                                                                                                                        |               13 |             56 |
|  mitx_petalinux_i/processing_system7_0/inst/FCLK_CLK0          |                                                                                                                                                                                                      | mitx_petalinux_i/processing_system7_0_axi_periph/s00_couplers/auto_pc/inst/gen_axilite.gen_b2s_conv.axilite_b2s/areset_d1                                                                                                                        |               17 |             56 |
|  mitx_petalinux_i/processing_system7_0/inst/FCLK_CLK0          |                                                                                                                                                                                                      |                                                                                                                                                                                                                                                  |               96 |            284 |
+----------------------------------------------------------------+------------------------------------------------------------------------------------------------------------------------------------------------------------------------------------------------------+--------------------------------------------------------------------------------------------------------------------------------------------------------------------------------------------------------------------------------------------------+------------------+----------------+


+--------+-----------------------+
| Fanout | Number of ControlSets |
+--------+-----------------------+
| 1      |                     4 |
| 2      |                     5 |
| 3      |                     3 |
| 4      |                    16 |
| 5      |                     2 |
| 6      |                     4 |
| 7      |                     2 |
| 8      |                     7 |
| 11     |                     1 |
| 12     |                    10 |
| 13     |                     2 |
| 14     |                     5 |
| 16+    |                    44 |
+--------+-----------------------+


