#-----------------------------------------------------------
# Vivado v2016.2 (64-bit)
# SW Build 1577090 on Thu Jun  2 16:32:35 MDT 2016
# IP Build 1577682 on Fri Jun  3 12:00:54 MDT 2016
# Start of session at: Wed Apr  3 02:45:03 2019
# Process ID: 7832
# Current directory: /home/hildeb47/proj/ECE1373_GhostSynth
# Command line: vivado
# Log file: /home/hildeb47/proj/ECE1373_GhostSynth/vivado.log
# Journal file: /home/hildeb47/proj/ECE1373_GhostSynth/vivado.jou
#-----------------------------------------------------------
start_gui
open_project /home/hildeb47/proj/ECE1373_GhostSynth/MITXZ7100/mitx_petalinux.xpr
update_compile_order -fileset sources_1
reset_run synth_1
launch_runs impl_1 -to_step write_bitstream -jobs 2
wait_on_run impl_1
open_run impl_1
open_bd_design {/home/hildeb47/proj/ECE1373_GhostSynth/MITXZ7100/mitx_petalinux.srcs/sources_1/bd/mitx_petalinux/mitx_petalinux.bd}
launch_simulation
source top_tb.tcl
open_bd_design {/home/hildeb47/proj/ECE1373_GhostSynth/MITXZ7100/mitx_petalinux.srcs/sources_1/bd/mitx_petalinux/mitx_petalinux.bd}
set_property is_enabled false [get_files  /home/hildeb47/proj/ECE1373_GhostSynth/MITXZ7100/mitx_petalinux.srcs/sources_1/bd/mitx_petalinux/ipshared/xilinx.com/processing_system7_bfm_v2_0/hdl/processing_system7_bfm_v2_0_processing_system7_bfm.v]
close_sim
launch_simulation
